MSBuild version 17.13.19+0d9f5a35a for .NET Framework

  unit_tests.cpp
F:\CodeBlocks-AnxietyMonitor\tests\unit_tests.cpp(57,5): error C2665: 'std::to_string': no overloaded function could convert all the argument types [F:\CodeBlocks-AnxietyMonitor\build\AnxietyMonitorTests.vcxproj]
      C:\Program Files (x86)\Microsoft Visual Studio\2022\BuildTools\VC\Tools\MSVC\14.43.34808\include\string(506,38):
      could be 'std::string std::to_string(long double)'
          F:\CodeBlocks-AnxietyMonitor\tests\unit_tests.cpp(57,5):
          'std::string std::to_string(long double)': cannot convert argument 1 from 'AnxietyMonitor::RiskLevel' to 'long double'
              F:\CodeBlocks-AnxietyMonitor\tests\unit_tests.cpp(57,5):
              This conversion requires an explicit cast (static_cast, C-style cast or parenthesized function-style cast)
      C:\Program Files (x86)\Microsoft Visual Studio\2022\BuildTools\VC\Tools\MSVC\14.43.34808\include\string(502,38):
      or       'std::string std::to_string(float)'
          F:\CodeBlocks-AnxietyMonitor\tests\unit_tests.cpp(57,5):
          'std::string std::to_string(float)': cannot convert argument 1 from 'AnxietyMonitor::RiskLevel' to 'float'
              F:\CodeBlocks-AnxietyMonitor\tests\unit_tests.cpp(57,5):
              This conversion requires an explicit cast (static_cast, C-style cast or parenthesized function-style cast)
      C:\Program Files (x86)\Microsoft Visual Studio\2022\BuildTools\VC\Tools\MSVC\14.43.34808\include\string(495,38):
      or       'std::string std::to_string(double)'
          F:\CodeBlocks-AnxietyMonitor\tests\unit_tests.cpp(57,5):
          'std::string std::to_string(double)': cannot convert argument 1 from 'AnxietyMonitor::RiskLevel' to 'double'
              F:\CodeBlocks-AnxietyMonitor\tests\unit_tests.cpp(57,5):
              This conversion requires an explicit cast (static_cast, C-style cast or parenthesized function-style cast)
      C:\Program Files (x86)\Microsoft Visual Studio\2022\BuildTools\VC\Tools\MSVC\14.43.34808\include\string(491,38):
      or       'std::string std::to_string(unsigned __int64)'
          F:\CodeBlocks-AnxietyMonitor\tests\unit_tests.cpp(57,5):
          'std::string std::to_string(unsigned __int64)': cannot convert argument 1 from 'AnxietyMonitor::RiskLevel' to 'unsigned __int64'
              F:\CodeBlocks-AnxietyMonitor\tests\unit_tests.cpp(57,5):
              This conversion requires an explicit cast (static_cast, C-style cast or parenthesized function-style cast)
      C:\Program Files (x86)\Microsoft Visual Studio\2022\BuildTools\VC\Tools\MSVC\14.43.34808\include\string(487,38):
      or       'std::string std::to_string(__int64)'
          F:\CodeBlocks-AnxietyMonitor\tests\unit_tests.cpp(57,5):
          'std::string std::to_string(__int64)': cannot convert argument 1 from 'AnxietyMonitor::RiskLevel' to '__int64'
              F:\CodeBlocks-AnxietyMonitor\tests\unit_tests.cpp(57,5):
              This conversion requires an explicit cast (static_cast, C-style cast or parenthesized function-style cast)
      C:\Program Files (x86)\Microsoft Visual Studio\2022\BuildTools\VC\Tools\MSVC\14.43.34808\include\string(483,38):
      or       'std::string std::to_string(unsigned long)'
          F:\CodeBlocks-AnxietyMonitor\tests\unit_tests.cpp(57,5):
          'std::string std::to_string(unsigned long)': cannot convert argument 1 from 'AnxietyMonitor::RiskLevel' to 'unsigned long'
              F:\CodeBlocks-AnxietyMonitor\tests\unit_tests.cpp(57,5):
              This conversion requires an explicit cast (static_cast, C-style cast or parenthesized function-style cast)
      C:\Program Files (x86)\Microsoft Visual Studio\2022\BuildTools\VC\Tools\MSVC\14.43.34808\include\string(479,38):
      or       'std::string std::to_string(long)'
          F:\CodeBlocks-AnxietyMonitor\tests\unit_tests.cpp(57,5):
          'std::string std::to_string(long)': cannot convert argument 1 from 'AnxietyMonitor::RiskLevel' to 'long'
              F:\CodeBlocks-AnxietyMonitor\tests\unit_tests.cpp(57,5):
              This conversion requires an explicit cast (static_cast, C-style cast or parenthesized function-style cast)
      C:\Program Files (x86)\Microsoft Visual Studio\2022\BuildTools\VC\Tools\MSVC\14.43.34808\include\string(475,38):
      or       'std::string std::to_string(unsigned int)'
          F:\CodeBlocks-AnxietyMonitor\tests\unit_tests.cpp(57,5):
          'std::string std::to_string(unsigned int)': cannot convert argument 1 from 'AnxietyMonitor::RiskLevel' to 'unsigned int'
              F:\CodeBlocks-AnxietyMonitor\tests\unit_tests.cpp(57,5):
              This conversion requires an explicit cast (static_cast, C-style cast or parenthesized function-style cast)
      C:\Program Files (x86)\Microsoft Visual Studio\2022\BuildTools\VC\Tools\MSVC\14.43.34808\include\string(471,38):
      or       'std::string std::to_string(int)'
          F:\CodeBlocks-AnxietyMonitor\tests\unit_tests.cpp(57,5):
          'std::string std::to_string(int)': cannot convert argument 1 from 'AnxietyMonitor::RiskLevel' to 'int'
              F:\CodeBlocks-AnxietyMonitor\tests\unit_tests.cpp(57,5):
              This conversion requires an explicit cast (static_cast, C-style cast or parenthesized function-style cast)
      F:\CodeBlocks-AnxietyMonitor\tests\unit_tests.cpp(57,5):
      while trying to match the argument list '(AnxietyMonitor::RiskLevel)'
  
F:\CodeBlocks-AnxietyMonitor\tests\unit_tests.cpp(57,5): error C2088: built-in operator '+' cannot be applied to an operand of type '_T' [F:\CodeBlocks-AnxietyMonitor\build\AnxietyMonitorTests.vcxproj]
F:\CodeBlocks-AnxietyMonitor\tests\unit_tests.cpp(57,5): error C2088:         with [F:\CodeBlocks-AnxietyMonitor\build\AnxietyMonitorTests.vcxproj]
F:\CodeBlocks-AnxietyMonitor\tests\unit_tests.cpp(57,5): error C2088:         [ [F:\CodeBlocks-AnxietyMonitor\build\AnxietyMonitorTests.vcxproj]
F:\CodeBlocks-AnxietyMonitor\tests\unit_tests.cpp(57,5): error C2088:             _T=std::string [F:\CodeBlocks-AnxietyMonitor\build\AnxietyMonitorTests.vcxproj]
F:\CodeBlocks-AnxietyMonitor\tests\unit_tests.cpp(57,5): error C2088:         ] [F:\CodeBlocks-AnxietyMonitor\build\AnxietyMonitorTests.vcxproj]
F:\CodeBlocks-AnxietyMonitor\tests\unit_tests.cpp(57,5): error C2512: 'std::runtime_error': no appropriate default constructor available [F:\CodeBlocks-AnxietyMonitor\build\AnxietyMonitorTests.vcxproj]
      F:\CodeBlocks-AnxietyMonitor\tests\unit_tests.cpp(57,5):
      'std::runtime_error::runtime_error': no appropriate default constructor available
          F:\CodeBlocks-AnxietyMonitor\tests\unit_tests.cpp(57,5):
          while trying to match the argument list '()'
  
F:\CodeBlocks-AnxietyMonitor\tests\unit_tests.cpp(58,5): error C2665: 'std::to_string': no overloaded function could convert all the argument types [F:\CodeBlocks-AnxietyMonitor\build\AnxietyMonitorTests.vcxproj]
      C:\Program Files (x86)\Microsoft Visual Studio\2022\BuildTools\VC\Tools\MSVC\14.43.34808\include\string(506,38):
      could be 'std::string std::to_string(long double)'
          F:\CodeBlocks-AnxietyMonitor\tests\unit_tests.cpp(58,5):
          'std::string std::to_string(long double)': cannot convert argument 1 from 'AnxietyMonitor::RiskLevel' to 'long double'
              F:\CodeBlocks-AnxietyMonitor\tests\unit_tests.cpp(58,5):
              This conversion requires an explicit cast (static_cast, C-style cast or parenthesized function-style cast)
      C:\Program Files (x86)\Microsoft Visual Studio\2022\BuildTools\VC\Tools\MSVC\14.43.34808\include\string(502,38):
      or       'std::string std::to_string(float)'
          F:\CodeBlocks-AnxietyMonitor\tests\unit_tests.cpp(58,5):
          'std::string std::to_string(float)': cannot convert argument 1 from 'AnxietyMonitor::RiskLevel' to 'float'
              F:\CodeBlocks-AnxietyMonitor\tests\unit_tests.cpp(58,5):
              This conversion requires an explicit cast (static_cast, C-style cast or parenthesized function-style cast)
      C:\Program Files (x86)\Microsoft Visual Studio\2022\BuildTools\VC\Tools\MSVC\14.43.34808\include\string(495,38):
      or       'std::string std::to_string(double)'
          F:\CodeBlocks-AnxietyMonitor\tests\unit_tests.cpp(58,5):
          'std::string std::to_string(double)': cannot convert argument 1 from 'AnxietyMonitor::RiskLevel' to 'double'
              F:\CodeBlocks-AnxietyMonitor\tests\unit_tests.cpp(58,5):
              This conversion requires an explicit cast (static_cast, C-style cast or parenthesized function-style cast)
      C:\Program Files (x86)\Microsoft Visual Studio\2022\BuildTools\VC\Tools\MSVC\14.43.34808\include\string(491,38):
      or       'std::string std::to_string(unsigned __int64)'
          F:\CodeBlocks-AnxietyMonitor\tests\unit_tests.cpp(58,5):
          'std::string std::to_string(unsigned __int64)': cannot convert argument 1 from 'AnxietyMonitor::RiskLevel' to 'unsigned __int64'
              F:\CodeBlocks-AnxietyMonitor\tests\unit_tests.cpp(58,5):
              This conversion requires an explicit cast (static_cast, C-style cast or parenthesized function-style cast)
      C:\Program Files (x86)\Microsoft Visual Studio\2022\BuildTools\VC\Tools\MSVC\14.43.34808\include\string(487,38):
      or       'std::string std::to_string(__int64)'
          F:\CodeBlocks-AnxietyMonitor\tests\unit_tests.cpp(58,5):
          'std::string std::to_string(__int64)': cannot convert argument 1 from 'AnxietyMonitor::RiskLevel' to '__int64'
              F:\CodeBlocks-AnxietyMonitor\tests\unit_tests.cpp(58,5):
              This conversion requires an explicit cast (static_cast, C-style cast or parenthesized function-style cast)
      C:\Program Files (x86)\Microsoft Visual Studio\2022\BuildTools\VC\Tools\MSVC\14.43.34808\include\string(483,38):
      or       'std::string std::to_string(unsigned long)'
          F:\CodeBlocks-AnxietyMonitor\tests\unit_tests.cpp(58,5):
          'std::string std::to_string(unsigned long)': cannot convert argument 1 from 'AnxietyMonitor::RiskLevel' to 'unsigned long'
              F:\CodeBlocks-AnxietyMonitor\tests\unit_tests.cpp(58,5):
              This conversion requires an explicit cast (static_cast, C-style cast or parenthesized function-style cast)
      C:\Program Files (x86)\Microsoft Visual Studio\2022\BuildTools\VC\Tools\MSVC\14.43.34808\include\string(479,38):
      or       'std::string std::to_string(long)'
          F:\CodeBlocks-AnxietyMonitor\tests\unit_tests.cpp(58,5):
          'std::string std::to_string(long)': cannot convert argument 1 from 'AnxietyMonitor::RiskLevel' to 'long'
              F:\CodeBlocks-AnxietyMonitor\tests\unit_tests.cpp(58,5):
              This conversion requires an explicit cast (static_cast, C-style cast or parenthesized function-style cast)
      C:\Program Files (x86)\Microsoft Visual Studio\2022\BuildTools\VC\Tools\MSVC\14.43.34808\include\string(475,38):
      or       'std::string std::to_string(unsigned int)'
          F:\CodeBlocks-AnxietyMonitor\tests\unit_tests.cpp(58,5):
          'std::string std::to_string(unsigned int)': cannot convert argument 1 from 'AnxietyMonitor::RiskLevel' to 'unsigned int'
              F:\CodeBlocks-AnxietyMonitor\tests\unit_tests.cpp(58,5):
              This conversion requires an explicit cast (static_cast, C-style cast or parenthesized function-style cast)
      C:\Program Files (x86)\Microsoft Visual Studio\2022\BuildTools\VC\Tools\MSVC\14.43.34808\include\string(471,38):
      or       'std::string std::to_string(int)'
          F:\CodeBlocks-AnxietyMonitor\tests\unit_tests.cpp(58,5):
          'std::string std::to_string(int)': cannot convert argument 1 from 'AnxietyMonitor::RiskLevel' to 'int'
              F:\CodeBlocks-AnxietyMonitor\tests\unit_tests.cpp(58,5):
              This conversion requires an explicit cast (static_cast, C-style cast or parenthesized function-style cast)
      F:\CodeBlocks-AnxietyMonitor\tests\unit_tests.cpp(58,5):
      while trying to match the argument list '(AnxietyMonitor::RiskLevel)'
  
F:\CodeBlocks-AnxietyMonitor\tests\unit_tests.cpp(58,5): error C2088: built-in operator '+' cannot be applied to an operand of type '_T' [F:\CodeBlocks-AnxietyMonitor\build\AnxietyMonitorTests.vcxproj]
F:\CodeBlocks-AnxietyMonitor\tests\unit_tests.cpp(58,5): error C2088:         with [F:\CodeBlocks-AnxietyMonitor\build\AnxietyMonitorTests.vcxproj]
F:\CodeBlocks-AnxietyMonitor\tests\unit_tests.cpp(58,5): error C2088:         [ [F:\CodeBlocks-AnxietyMonitor\build\AnxietyMonitorTests.vcxproj]
F:\CodeBlocks-AnxietyMonitor\tests\unit_tests.cpp(58,5): error C2088:             _T=std::string [F:\CodeBlocks-AnxietyMonitor\build\AnxietyMonitorTests.vcxproj]
F:\CodeBlocks-AnxietyMonitor\tests\unit_tests.cpp(58,5): error C2088:         ] [F:\CodeBlocks-AnxietyMonitor\build\AnxietyMonitorTests.vcxproj]
F:\CodeBlocks-AnxietyMonitor\tests\unit_tests.cpp(58,5): error C2512: 'std::runtime_error': no appropriate default constructor available [F:\CodeBlocks-AnxietyMonitor\build\AnxietyMonitorTests.vcxproj]
      F:\CodeBlocks-AnxietyMonitor\tests\unit_tests.cpp(58,5):
      'std::runtime_error::runtime_error': no appropriate default constructor available
          F:\CodeBlocks-AnxietyMonitor\tests\unit_tests.cpp(58,5):
          while trying to match the argument list '()'
  
F:\CodeBlocks-AnxietyMonitor\tests\unit_tests.cpp(59,5): error C2665: 'std::to_string': no overloaded function could convert all the argument types [F:\CodeBlocks-AnxietyMonitor\build\AnxietyMonitorTests.vcxproj]
      C:\Program Files (x86)\Microsoft Visual Studio\2022\BuildTools\VC\Tools\MSVC\14.43.34808\include\string(506,38):
      could be 'std::string std::to_string(long double)'
          F:\CodeBlocks-AnxietyMonitor\tests\unit_tests.cpp(59,5):
          'std::string std::to_string(long double)': cannot convert argument 1 from 'AnxietyMonitor::RiskLevel' to 'long double'
              F:\CodeBlocks-AnxietyMonitor\tests\unit_tests.cpp(59,5):
              This conversion requires an explicit cast (static_cast, C-style cast or parenthesized function-style cast)
      C:\Program Files (x86)\Microsoft Visual Studio\2022\BuildTools\VC\Tools\MSVC\14.43.34808\include\string(502,38):
      or       'std::string std::to_string(float)'
          F:\CodeBlocks-AnxietyMonitor\tests\unit_tests.cpp(59,5):
          'std::string std::to_string(float)': cannot convert argument 1 from 'AnxietyMonitor::RiskLevel' to 'float'
              F:\CodeBlocks-AnxietyMonitor\tests\unit_tests.cpp(59,5):
              This conversion requires an explicit cast (static_cast, C-style cast or parenthesized function-style cast)
      C:\Program Files (x86)\Microsoft Visual Studio\2022\BuildTools\VC\Tools\MSVC\14.43.34808\include\string(495,38):
      or       'std::string std::to_string(double)'
          F:\CodeBlocks-AnxietyMonitor\tests\unit_tests.cpp(59,5):
          'std::string std::to_string(double)': cannot convert argument 1 from 'AnxietyMonitor::RiskLevel' to 'double'
              F:\CodeBlocks-AnxietyMonitor\tests\unit_tests.cpp(59,5):
              This conversion requires an explicit cast (static_cast, C-style cast or parenthesized function-style cast)
      C:\Program Files (x86)\Microsoft Visual Studio\2022\BuildTools\VC\Tools\MSVC\14.43.34808\include\string(491,38):
      or       'std::string std::to_string(unsigned __int64)'
          F:\CodeBlocks-AnxietyMonitor\tests\unit_tests.cpp(59,5):
          'std::string std::to_string(unsigned __int64)': cannot convert argument 1 from 'AnxietyMonitor::RiskLevel' to 'unsigned __int64'
              F:\CodeBlocks-AnxietyMonitor\tests\unit_tests.cpp(59,5):
              This conversion requires an explicit cast (static_cast, C-style cast or parenthesized function-style cast)
      C:\Program Files (x86)\Microsoft Visual Studio\2022\BuildTools\VC\Tools\MSVC\14.43.34808\include\string(487,38):
      or       'std::string std::to_string(__int64)'
          F:\CodeBlocks-AnxietyMonitor\tests\unit_tests.cpp(59,5):
          'std::string std::to_string(__int64)': cannot convert argument 1 from 'AnxietyMonitor::RiskLevel' to '__int64'
              F:\CodeBlocks-AnxietyMonitor\tests\unit_tests.cpp(59,5):
              This conversion requires an explicit cast (static_cast, C-style cast or parenthesized function-style cast)
      C:\Program Files (x86)\Microsoft Visual Studio\2022\BuildTools\VC\Tools\MSVC\14.43.34808\include\string(483,38):
      or       'std::string std::to_string(unsigned long)'
          F:\CodeBlocks-AnxietyMonitor\tests\unit_tests.cpp(59,5):
          'std::string std::to_string(unsigned long)': cannot convert argument 1 from 'AnxietyMonitor::RiskLevel' to 'unsigned long'
              F:\CodeBlocks-AnxietyMonitor\tests\unit_tests.cpp(59,5):
              This conversion requires an explicit cast (static_cast, C-style cast or parenthesized function-style cast)
      C:\Program Files (x86)\Microsoft Visual Studio\2022\BuildTools\VC\Tools\MSVC\14.43.34808\include\string(479,38):
      or       'std::string std::to_string(long)'
          F:\CodeBlocks-AnxietyMonitor\tests\unit_tests.cpp(59,5):
          'std::string std::to_string(long)': cannot convert argument 1 from 'AnxietyMonitor::RiskLevel' to 'long'
              F:\CodeBlocks-AnxietyMonitor\tests\unit_tests.cpp(59,5):
              This conversion requires an explicit cast (static_cast, C-style cast or parenthesized function-style cast)
      C:\Program Files (x86)\Microsoft Visual Studio\2022\BuildTools\VC\Tools\MSVC\14.43.34808\include\string(475,38):
      or       'std::string std::to_string(unsigned int)'
          F:\CodeBlocks-AnxietyMonitor\tests\unit_tests.cpp(59,5):
          'std::string std::to_string(unsigned int)': cannot convert argument 1 from 'AnxietyMonitor::RiskLevel' to 'unsigned int'
              F:\CodeBlocks-AnxietyMonitor\tests\unit_tests.cpp(59,5):
              This conversion requires an explicit cast (static_cast, C-style cast or parenthesized function-style cast)
      C:\Program Files (x86)\Microsoft Visual Studio\2022\BuildTools\VC\Tools\MSVC\14.43.34808\include\string(471,38):
      or       'std::string std::to_string(int)'
          F:\CodeBlocks-AnxietyMonitor\tests\unit_tests.cpp(59,5):
          'std::string std::to_string(int)': cannot convert argument 1 from 'AnxietyMonitor::RiskLevel' to 'int'
              F:\CodeBlocks-AnxietyMonitor\tests\unit_tests.cpp(59,5):
              This conversion requires an explicit cast (static_cast, C-style cast or parenthesized function-style cast)
      F:\CodeBlocks-AnxietyMonitor\tests\unit_tests.cpp(59,5):
      while trying to match the argument list '(AnxietyMonitor::RiskLevel)'
  
F:\CodeBlocks-AnxietyMonitor\tests\unit_tests.cpp(59,5): error C2088: built-in operator '+' cannot be applied to an operand of type '_T' [F:\CodeBlocks-AnxietyMonitor\build\AnxietyMonitorTests.vcxproj]
F:\CodeBlocks-AnxietyMonitor\tests\unit_tests.cpp(59,5): error C2088:         with [F:\CodeBlocks-AnxietyMonitor\build\AnxietyMonitorTests.vcxproj]
F:\CodeBlocks-AnxietyMonitor\tests\unit_tests.cpp(59,5): error C2088:         [ [F:\CodeBlocks-AnxietyMonitor\build\AnxietyMonitorTests.vcxproj]
F:\CodeBlocks-AnxietyMonitor\tests\unit_tests.cpp(59,5): error C2088:             _T=std::string [F:\CodeBlocks-AnxietyMonitor\build\AnxietyMonitorTests.vcxproj]
F:\CodeBlocks-AnxietyMonitor\tests\unit_tests.cpp(59,5): error C2088:         ] [F:\CodeBlocks-AnxietyMonitor\build\AnxietyMonitorTests.vcxproj]
F:\CodeBlocks-AnxietyMonitor\tests\unit_tests.cpp(59,5): error C2512: 'std::runtime_error': no appropriate default constructor available [F:\CodeBlocks-AnxietyMonitor\build\AnxietyMonitorTests.vcxproj]
      F:\CodeBlocks-AnxietyMonitor\tests\unit_tests.cpp(59,5):
      'std::runtime_error::runtime_error': no appropriate default constructor available
          F:\CodeBlocks-AnxietyMonitor\tests\unit_tests.cpp(59,5):
          while trying to match the argument list '()'
  
F:\CodeBlocks-AnxietyMonitor\tests\unit_tests.cpp(65,5): error C2665: 'std::to_string': no overloaded function could convert all the argument types [F:\CodeBlocks-AnxietyMonitor\build\AnxietyMonitorTests.vcxproj]
      C:\Program Files (x86)\Microsoft Visual Studio\2022\BuildTools\VC\Tools\MSVC\14.43.34808\include\string(506,38):
      could be 'std::string std::to_string(long double)'
          F:\CodeBlocks-AnxietyMonitor\tests\unit_tests.cpp(65,5):
          'std::string std::to_string(long double)': cannot convert argument 1 from 'AnxietyMonitor::RiskLevel' to 'long double'
              F:\CodeBlocks-AnxietyMonitor\tests\unit_tests.cpp(65,5):
              This conversion requires an explicit cast (static_cast, C-style cast or parenthesized function-style cast)
      C:\Program Files (x86)\Microsoft Visual Studio\2022\BuildTools\VC\Tools\MSVC\14.43.34808\include\string(502,38):
      or       'std::string std::to_string(float)'
          F:\CodeBlocks-AnxietyMonitor\tests\unit_tests.cpp(65,5):
          'std::string std::to_string(float)': cannot convert argument 1 from 'AnxietyMonitor::RiskLevel' to 'float'
              F:\CodeBlocks-AnxietyMonitor\tests\unit_tests.cpp(65,5):
              This conversion requires an explicit cast (static_cast, C-style cast or parenthesized function-style cast)
      C:\Program Files (x86)\Microsoft Visual Studio\2022\BuildTools\VC\Tools\MSVC\14.43.34808\include\string(495,38):
      or       'std::string std::to_string(double)'
          F:\CodeBlocks-AnxietyMonitor\tests\unit_tests.cpp(65,5):
          'std::string std::to_string(double)': cannot convert argument 1 from 'AnxietyMonitor::RiskLevel' to 'double'
              F:\CodeBlocks-AnxietyMonitor\tests\unit_tests.cpp(65,5):
              This conversion requires an explicit cast (static_cast, C-style cast or parenthesized function-style cast)
      C:\Program Files (x86)\Microsoft Visual Studio\2022\BuildTools\VC\Tools\MSVC\14.43.34808\include\string(491,38):
      or       'std::string std::to_string(unsigned __int64)'
          F:\CodeBlocks-AnxietyMonitor\tests\unit_tests.cpp(65,5):
          'std::string std::to_string(unsigned __int64)': cannot convert argument 1 from 'AnxietyMonitor::RiskLevel' to 'unsigned __int64'
              F:\CodeBlocks-AnxietyMonitor\tests\unit_tests.cpp(65,5):
              This conversion requires an explicit cast (static_cast, C-style cast or parenthesized function-style cast)
      C:\Program Files (x86)\Microsoft Visual Studio\2022\BuildTools\VC\Tools\MSVC\14.43.34808\include\string(487,38):
      or       'std::string std::to_string(__int64)'
          F:\CodeBlocks-AnxietyMonitor\tests\unit_tests.cpp(65,5):
          'std::string std::to_string(__int64)': cannot convert argument 1 from 'AnxietyMonitor::RiskLevel' to '__int64'
              F:\CodeBlocks-AnxietyMonitor\tests\unit_tests.cpp(65,5):
              This conversion requires an explicit cast (static_cast, C-style cast or parenthesized function-style cast)
      C:\Program Files (x86)\Microsoft Visual Studio\2022\BuildTools\VC\Tools\MSVC\14.43.34808\include\string(483,38):
      or       'std::string std::to_string(unsigned long)'
          F:\CodeBlocks-AnxietyMonitor\tests\unit_tests.cpp(65,5):
          'std::string std::to_string(unsigned long)': cannot convert argument 1 from 'AnxietyMonitor::RiskLevel' to 'unsigned long'
              F:\CodeBlocks-AnxietyMonitor\tests\unit_tests.cpp(65,5):
              This conversion requires an explicit cast (static_cast, C-style cast or parenthesized function-style cast)
      C:\Program Files (x86)\Microsoft Visual Studio\2022\BuildTools\VC\Tools\MSVC\14.43.34808\include\string(479,38):
      or       'std::string std::to_string(long)'
          F:\CodeBlocks-AnxietyMonitor\tests\unit_tests.cpp(65,5):
          'std::string std::to_string(long)': cannot convert argument 1 from 'AnxietyMonitor::RiskLevel' to 'long'
              F:\CodeBlocks-AnxietyMonitor\tests\unit_tests.cpp(65,5):
              This conversion requires an explicit cast (static_cast, C-style cast or parenthesized function-style cast)
      C:\Program Files (x86)\Microsoft Visual Studio\2022\BuildTools\VC\Tools\MSVC\14.43.34808\include\string(475,38):
      or       'std::string std::to_string(unsigned int)'
          F:\CodeBlocks-AnxietyMonitor\tests\unit_tests.cpp(65,5):
          'std::string std::to_string(unsigned int)': cannot convert argument 1 from 'AnxietyMonitor::RiskLevel' to 'unsigned int'
              F:\CodeBlocks-AnxietyMonitor\tests\unit_tests.cpp(65,5):
              This conversion requires an explicit cast (static_cast, C-style cast or parenthesized function-style cast)
      C:\Program Files (x86)\Microsoft Visual Studio\2022\BuildTools\VC\Tools\MSVC\14.43.34808\include\string(471,38):
      or       'std::string std::to_string(int)'
          F:\CodeBlocks-AnxietyMonitor\tests\unit_tests.cpp(65,5):
          'std::string std::to_string(int)': cannot convert argument 1 from 'AnxietyMonitor::RiskLevel' to 'int'
              F:\CodeBlocks-AnxietyMonitor\tests\unit_tests.cpp(65,5):
              This conversion requires an explicit cast (static_cast, C-style cast or parenthesized function-style cast)
      F:\CodeBlocks-AnxietyMonitor\tests\unit_tests.cpp(65,5):
      while trying to match the argument list '(AnxietyMonitor::RiskLevel)'
  
F:\CodeBlocks-AnxietyMonitor\tests\unit_tests.cpp(65,5): error C2088: built-in operator '+' cannot be applied to an operand of type '_T' [F:\CodeBlocks-AnxietyMonitor\build\AnxietyMonitorTests.vcxproj]
F:\CodeBlocks-AnxietyMonitor\tests\unit_tests.cpp(65,5): error C2088:         with [F:\CodeBlocks-AnxietyMonitor\build\AnxietyMonitorTests.vcxproj]
F:\CodeBlocks-AnxietyMonitor\tests\unit_tests.cpp(65,5): error C2088:         [ [F:\CodeBlocks-AnxietyMonitor\build\AnxietyMonitorTests.vcxproj]
F:\CodeBlocks-AnxietyMonitor\tests\unit_tests.cpp(65,5): error C2088:             _T=std::string [F:\CodeBlocks-AnxietyMonitor\build\AnxietyMonitorTests.vcxproj]
F:\CodeBlocks-AnxietyMonitor\tests\unit_tests.cpp(65,5): error C2088:         ] [F:\CodeBlocks-AnxietyMonitor\build\AnxietyMonitorTests.vcxproj]
F:\CodeBlocks-AnxietyMonitor\tests\unit_tests.cpp(65,5): error C2512: 'std::runtime_error': no appropriate default constructor available [F:\CodeBlocks-AnxietyMonitor\build\AnxietyMonitorTests.vcxproj]
      F:\CodeBlocks-AnxietyMonitor\tests\unit_tests.cpp(65,5):
      'std::runtime_error::runtime_error': no appropriate default constructor available
          F:\CodeBlocks-AnxietyMonitor\tests\unit_tests.cpp(65,5):
          while trying to match the argument list '()'
  
F:\CodeBlocks-AnxietyMonitor\tests\unit_tests.cpp(66,5): error C2665: 'std::to_string': no overloaded function could convert all the argument types [F:\CodeBlocks-AnxietyMonitor\build\AnxietyMonitorTests.vcxproj]
      C:\Program Files (x86)\Microsoft Visual Studio\2022\BuildTools\VC\Tools\MSVC\14.43.34808\include\string(506,38):
      could be 'std::string std::to_string(long double)'
          F:\CodeBlocks-AnxietyMonitor\tests\unit_tests.cpp(66,5):
          'std::string std::to_string(long double)': cannot convert argument 1 from 'AnxietyMonitor::RiskLevel' to 'long double'
              F:\CodeBlocks-AnxietyMonitor\tests\unit_tests.cpp(66,5):
              This conversion requires an explicit cast (static_cast, C-style cast or parenthesized function-style cast)
      C:\Program Files (x86)\Microsoft Visual Studio\2022\BuildTools\VC\Tools\MSVC\14.43.34808\include\string(502,38):
      or       'std::string std::to_string(float)'
          F:\CodeBlocks-AnxietyMonitor\tests\unit_tests.cpp(66,5):
          'std::string std::to_string(float)': cannot convert argument 1 from 'AnxietyMonitor::RiskLevel' to 'float'
              F:\CodeBlocks-AnxietyMonitor\tests\unit_tests.cpp(66,5):
              This conversion requires an explicit cast (static_cast, C-style cast or parenthesized function-style cast)
      C:\Program Files (x86)\Microsoft Visual Studio\2022\BuildTools\VC\Tools\MSVC\14.43.34808\include\string(495,38):
      or       'std::string std::to_string(double)'
          F:\CodeBlocks-AnxietyMonitor\tests\unit_tests.cpp(66,5):
          'std::string std::to_string(double)': cannot convert argument 1 from 'AnxietyMonitor::RiskLevel' to 'double'
              F:\CodeBlocks-AnxietyMonitor\tests\unit_tests.cpp(66,5):
              This conversion requires an explicit cast (static_cast, C-style cast or parenthesized function-style cast)
      C:\Program Files (x86)\Microsoft Visual Studio\2022\BuildTools\VC\Tools\MSVC\14.43.34808\include\string(491,38):
      or       'std::string std::to_string(unsigned __int64)'
          F:\CodeBlocks-AnxietyMonitor\tests\unit_tests.cpp(66,5):
          'std::string std::to_string(unsigned __int64)': cannot convert argument 1 from 'AnxietyMonitor::RiskLevel' to 'unsigned __int64'
              F:\CodeBlocks-AnxietyMonitor\tests\unit_tests.cpp(66,5):
              This conversion requires an explicit cast (static_cast, C-style cast or parenthesized function-style cast)
      C:\Program Files (x86)\Microsoft Visual Studio\2022\BuildTools\VC\Tools\MSVC\14.43.34808\include\string(487,38):
      or       'std::string std::to_string(__int64)'
          F:\CodeBlocks-AnxietyMonitor\tests\unit_tests.cpp(66,5):
          'std::string std::to_string(__int64)': cannot convert argument 1 from 'AnxietyMonitor::RiskLevel' to '__int64'
              F:\CodeBlocks-AnxietyMonitor\tests\unit_tests.cpp(66,5):
              This conversion requires an explicit cast (static_cast, C-style cast or parenthesized function-style cast)
      C:\Program Files (x86)\Microsoft Visual Studio\2022\BuildTools\VC\Tools\MSVC\14.43.34808\include\string(483,38):
      or       'std::string std::to_string(unsigned long)'
          F:\CodeBlocks-AnxietyMonitor\tests\unit_tests.cpp(66,5):
          'std::string std::to_string(unsigned long)': cannot convert argument 1 from 'AnxietyMonitor::RiskLevel' to 'unsigned long'
              F:\CodeBlocks-AnxietyMonitor\tests\unit_tests.cpp(66,5):
              This conversion requires an explicit cast (static_cast, C-style cast or parenthesized function-style cast)
      C:\Program Files (x86)\Microsoft Visual Studio\2022\BuildTools\VC\Tools\MSVC\14.43.34808\include\string(479,38):
      or       'std::string std::to_string(long)'
          F:\CodeBlocks-AnxietyMonitor\tests\unit_tests.cpp(66,5):
          'std::string std::to_string(long)': cannot convert argument 1 from 'AnxietyMonitor::RiskLevel' to 'long'
              F:\CodeBlocks-AnxietyMonitor\tests\unit_tests.cpp(66,5):
              This conversion requires an explicit cast (static_cast, C-style cast or parenthesized function-style cast)
      C:\Program Files (x86)\Microsoft Visual Studio\2022\BuildTools\VC\Tools\MSVC\14.43.34808\include\string(475,38):
      or       'std::string std::to_string(unsigned int)'
          F:\CodeBlocks-AnxietyMonitor\tests\unit_tests.cpp(66,5):
          'std::string std::to_string(unsigned int)': cannot convert argument 1 from 'AnxietyMonitor::RiskLevel' to 'unsigned int'
              F:\CodeBlocks-AnxietyMonitor\tests\unit_tests.cpp(66,5):
              This conversion requires an explicit cast (static_cast, C-style cast or parenthesized function-style cast)
      C:\Program Files (x86)\Microsoft Visual Studio\2022\BuildTools\VC\Tools\MSVC\14.43.34808\include\string(471,38):
      or       'std::string std::to_string(int)'
          F:\CodeBlocks-AnxietyMonitor\tests\unit_tests.cpp(66,5):
          'std::string std::to_string(int)': cannot convert argument 1 from 'AnxietyMonitor::RiskLevel' to 'int'
              F:\CodeBlocks-AnxietyMonitor\tests\unit_tests.cpp(66,5):
              This conversion requires an explicit cast (static_cast, C-style cast or parenthesized function-style cast)
      F:\CodeBlocks-AnxietyMonitor\tests\unit_tests.cpp(66,5):
      while trying to match the argument list '(AnxietyMonitor::RiskLevel)'
  
F:\CodeBlocks-AnxietyMonitor\tests\unit_tests.cpp(66,5): error C2088: built-in operator '+' cannot be applied to an operand of type '_T' [F:\CodeBlocks-AnxietyMonitor\build\AnxietyMonitorTests.vcxproj]
F:\CodeBlocks-AnxietyMonitor\tests\unit_tests.cpp(66,5): error C2088:         with [F:\CodeBlocks-AnxietyMonitor\build\AnxietyMonitorTests.vcxproj]
F:\CodeBlocks-AnxietyMonitor\tests\unit_tests.cpp(66,5): error C2088:         [ [F:\CodeBlocks-AnxietyMonitor\build\AnxietyMonitorTests.vcxproj]
F:\CodeBlocks-AnxietyMonitor\tests\unit_tests.cpp(66,5): error C2088:             _T=std::string [F:\CodeBlocks-AnxietyMonitor\build\AnxietyMonitorTests.vcxproj]
F:\CodeBlocks-AnxietyMonitor\tests\unit_tests.cpp(66,5): error C2088:         ] [F:\CodeBlocks-AnxietyMonitor\build\AnxietyMonitorTests.vcxproj]
F:\CodeBlocks-AnxietyMonitor\tests\unit_tests.cpp(66,5): error C2512: 'std::runtime_error': no appropriate default constructor available [F:\CodeBlocks-AnxietyMonitor\build\AnxietyMonitorTests.vcxproj]
      F:\CodeBlocks-AnxietyMonitor\tests\unit_tests.cpp(66,5):
      'std::runtime_error::runtime_error': no appropriate default constructor available
          F:\CodeBlocks-AnxietyMonitor\tests\unit_tests.cpp(66,5):
          while trying to match the argument list '()'
  
F:\CodeBlocks-AnxietyMonitor\tests\unit_tests.cpp(67,5): error C2665: 'std::to_string': no overloaded function could convert all the argument types [F:\CodeBlocks-AnxietyMonitor\build\AnxietyMonitorTests.vcxproj]
      C:\Program Files (x86)\Microsoft Visual Studio\2022\BuildTools\VC\Tools\MSVC\14.43.34808\include\string(506,38):
      could be 'std::string std::to_string(long double)'
          F:\CodeBlocks-AnxietyMonitor\tests\unit_tests.cpp(67,5):
          'std::string std::to_string(long double)': cannot convert argument 1 from 'AnxietyMonitor::RiskLevel' to 'long double'
              F:\CodeBlocks-AnxietyMonitor\tests\unit_tests.cpp(67,5):
              This conversion requires an explicit cast (static_cast, C-style cast or parenthesized function-style cast)
      C:\Program Files (x86)\Microsoft Visual Studio\2022\BuildTools\VC\Tools\MSVC\14.43.34808\include\string(502,38):
      or       'std::string std::to_string(float)'
          F:\CodeBlocks-AnxietyMonitor\tests\unit_tests.cpp(67,5):
          'std::string std::to_string(float)': cannot convert argument 1 from 'AnxietyMonitor::RiskLevel' to 'float'
              F:\CodeBlocks-AnxietyMonitor\tests\unit_tests.cpp(67,5):
              This conversion requires an explicit cast (static_cast, C-style cast or parenthesized function-style cast)
      C:\Program Files (x86)\Microsoft Visual Studio\2022\BuildTools\VC\Tools\MSVC\14.43.34808\include\string(495,38):
      or       'std::string std::to_string(double)'
          F:\CodeBlocks-AnxietyMonitor\tests\unit_tests.cpp(67,5):
          'std::string std::to_string(double)': cannot convert argument 1 from 'AnxietyMonitor::RiskLevel' to 'double'
              F:\CodeBlocks-AnxietyMonitor\tests\unit_tests.cpp(67,5):
              This conversion requires an explicit cast (static_cast, C-style cast or parenthesized function-style cast)
      C:\Program Files (x86)\Microsoft Visual Studio\2022\BuildTools\VC\Tools\MSVC\14.43.34808\include\string(491,38):
      or       'std::string std::to_string(unsigned __int64)'
          F:\CodeBlocks-AnxietyMonitor\tests\unit_tests.cpp(67,5):
          'std::string std::to_string(unsigned __int64)': cannot convert argument 1 from 'AnxietyMonitor::RiskLevel' to 'unsigned __int64'
              F:\CodeBlocks-AnxietyMonitor\tests\unit_tests.cpp(67,5):
              This conversion requires an explicit cast (static_cast, C-style cast or parenthesized function-style cast)
      C:\Program Files (x86)\Microsoft Visual Studio\2022\BuildTools\VC\Tools\MSVC\14.43.34808\include\string(487,38):
      or       'std::string std::to_string(__int64)'
          F:\CodeBlocks-AnxietyMonitor\tests\unit_tests.cpp(67,5):
          'std::string std::to_string(__int64)': cannot convert argument 1 from 'AnxietyMonitor::RiskLevel' to '__int64'
              F:\CodeBlocks-AnxietyMonitor\tests\unit_tests.cpp(67,5):
              This conversion requires an explicit cast (static_cast, C-style cast or parenthesized function-style cast)
      C:\Program Files (x86)\Microsoft Visual Studio\2022\BuildTools\VC\Tools\MSVC\14.43.34808\include\string(483,38):
      or       'std::string std::to_string(unsigned long)'
          F:\CodeBlocks-AnxietyMonitor\tests\unit_tests.cpp(67,5):
          'std::string std::to_string(unsigned long)': cannot convert argument 1 from 'AnxietyMonitor::RiskLevel' to 'unsigned long'
              F:\CodeBlocks-AnxietyMonitor\tests\unit_tests.cpp(67,5):
              This conversion requires an explicit cast (static_cast, C-style cast or parenthesized function-style cast)
      C:\Program Files (x86)\Microsoft Visual Studio\2022\BuildTools\VC\Tools\MSVC\14.43.34808\include\string(479,38):
      or       'std::string std::to_string(long)'
          F:\CodeBlocks-AnxietyMonitor\tests\unit_tests.cpp(67,5):
          'std::string std::to_string(long)': cannot convert argument 1 from 'AnxietyMonitor::RiskLevel' to 'long'
              F:\CodeBlocks-AnxietyMonitor\tests\unit_tests.cpp(67,5):
              This conversion requires an explicit cast (static_cast, C-style cast or parenthesized function-style cast)
      C:\Program Files (x86)\Microsoft Visual Studio\2022\BuildTools\VC\Tools\MSVC\14.43.34808\include\string(475,38):
      or       'std::string std::to_string(unsigned int)'
          F:\CodeBlocks-AnxietyMonitor\tests\unit_tests.cpp(67,5):
          'std::string std::to_string(unsigned int)': cannot convert argument 1 from 'AnxietyMonitor::RiskLevel' to 'unsigned int'
              F:\CodeBlocks-AnxietyMonitor\tests\unit_tests.cpp(67,5):
              This conversion requires an explicit cast (static_cast, C-style cast or parenthesized function-style cast)
      C:\Program Files (x86)\Microsoft Visual Studio\2022\BuildTools\VC\Tools\MSVC\14.43.34808\include\string(471,38):
      or       'std::string std::to_string(int)'
          F:\CodeBlocks-AnxietyMonitor\tests\unit_tests.cpp(67,5):
          'std::string std::to_string(int)': cannot convert argument 1 from 'AnxietyMonitor::RiskLevel' to 'int'
              F:\CodeBlocks-AnxietyMonitor\tests\unit_tests.cpp(67,5):
              This conversion requires an explicit cast (static_cast, C-style cast or parenthesized function-style cast)
      F:\CodeBlocks-AnxietyMonitor\tests\unit_tests.cpp(67,5):
      while trying to match the argument list '(AnxietyMonitor::RiskLevel)'
  
F:\CodeBlocks-AnxietyMonitor\tests\unit_tests.cpp(67,5): error C2088: built-in operator '+' cannot be applied to an operand of type '_T' [F:\CodeBlocks-AnxietyMonitor\build\AnxietyMonitorTests.vcxproj]
F:\CodeBlocks-AnxietyMonitor\tests\unit_tests.cpp(67,5): error C2088:         with [F:\CodeBlocks-AnxietyMonitor\build\AnxietyMonitorTests.vcxproj]
F:\CodeBlocks-AnxietyMonitor\tests\unit_tests.cpp(67,5): error C2088:         [ [F:\CodeBlocks-AnxietyMonitor\build\AnxietyMonitorTests.vcxproj]
F:\CodeBlocks-AnxietyMonitor\tests\unit_tests.cpp(67,5): error C2088:             _T=std::string [F:\CodeBlocks-AnxietyMonitor\build\AnxietyMonitorTests.vcxproj]
F:\CodeBlocks-AnxietyMonitor\tests\unit_tests.cpp(67,5): error C2088:         ] [F:\CodeBlocks-AnxietyMonitor\build\AnxietyMonitorTests.vcxproj]
F:\CodeBlocks-AnxietyMonitor\tests\unit_tests.cpp(67,5): error C2512: 'std::runtime_error': no appropriate default constructor available [F:\CodeBlocks-AnxietyMonitor\build\AnxietyMonitorTests.vcxproj]
      F:\CodeBlocks-AnxietyMonitor\tests\unit_tests.cpp(67,5):
      'std::runtime_error::runtime_error': no appropriate default constructor available
          F:\CodeBlocks-AnxietyMonitor\tests\unit_tests.cpp(67,5):
          while trying to match the argument list '()'
  
F:\CodeBlocks-AnxietyMonitor\tests\unit_tests.cpp(73,5): error C2665: 'std::to_string': no overloaded function could convert all the argument types [F:\CodeBlocks-AnxietyMonitor\build\AnxietyMonitorTests.vcxproj]
      C:\Program Files (x86)\Microsoft Visual Studio\2022\BuildTools\VC\Tools\MSVC\14.43.34808\include\string(506,38):
      could be 'std::string std::to_string(long double)'
          F:\CodeBlocks-AnxietyMonitor\tests\unit_tests.cpp(73,5):
          'std::string std::to_string(long double)': cannot convert argument 1 from 'AnxietyMonitor::RiskLevel' to 'long double'
              F:\CodeBlocks-AnxietyMonitor\tests\unit_tests.cpp(73,5):
              This conversion requires an explicit cast (static_cast, C-style cast or parenthesized function-style cast)
      C:\Program Files (x86)\Microsoft Visual Studio\2022\BuildTools\VC\Tools\MSVC\14.43.34808\include\string(502,38):
      or       'std::string std::to_string(float)'
          F:\CodeBlocks-AnxietyMonitor\tests\unit_tests.cpp(73,5):
          'std::string std::to_string(float)': cannot convert argument 1 from 'AnxietyMonitor::RiskLevel' to 'float'
              F:\CodeBlocks-AnxietyMonitor\tests\unit_tests.cpp(73,5):
              This conversion requires an explicit cast (static_cast, C-style cast or parenthesized function-style cast)
      C:\Program Files (x86)\Microsoft Visual Studio\2022\BuildTools\VC\Tools\MSVC\14.43.34808\include\string(495,38):
      or       'std::string std::to_string(double)'
          F:\CodeBlocks-AnxietyMonitor\tests\unit_tests.cpp(73,5):
          'std::string std::to_string(double)': cannot convert argument 1 from 'AnxietyMonitor::RiskLevel' to 'double'
              F:\CodeBlocks-AnxietyMonitor\tests\unit_tests.cpp(73,5):
              This conversion requires an explicit cast (static_cast, C-style cast or parenthesized function-style cast)
      C:\Program Files (x86)\Microsoft Visual Studio\2022\BuildTools\VC\Tools\MSVC\14.43.34808\include\string(491,38):
      or       'std::string std::to_string(unsigned __int64)'
          F:\CodeBlocks-AnxietyMonitor\tests\unit_tests.cpp(73,5):
          'std::string std::to_string(unsigned __int64)': cannot convert argument 1 from 'AnxietyMonitor::RiskLevel' to 'unsigned __int64'
              F:\CodeBlocks-AnxietyMonitor\tests\unit_tests.cpp(73,5):
              This conversion requires an explicit cast (static_cast, C-style cast or parenthesized function-style cast)
      C:\Program Files (x86)\Microsoft Visual Studio\2022\BuildTools\VC\Tools\MSVC\14.43.34808\include\string(487,38):
      or       'std::string std::to_string(__int64)'
          F:\CodeBlocks-AnxietyMonitor\tests\unit_tests.cpp(73,5):
          'std::string std::to_string(__int64)': cannot convert argument 1 from 'AnxietyMonitor::RiskLevel' to '__int64'
              F:\CodeBlocks-AnxietyMonitor\tests\unit_tests.cpp(73,5):
              This conversion requires an explicit cast (static_cast, C-style cast or parenthesized function-style cast)
      C:\Program Files (x86)\Microsoft Visual Studio\2022\BuildTools\VC\Tools\MSVC\14.43.34808\include\string(483,38):
      or       'std::string std::to_string(unsigned long)'
          F:\CodeBlocks-AnxietyMonitor\tests\unit_tests.cpp(73,5):
          'std::string std::to_string(unsigned long)': cannot convert argument 1 from 'AnxietyMonitor::RiskLevel' to 'unsigned long'
              F:\CodeBlocks-AnxietyMonitor\tests\unit_tests.cpp(73,5):
              This conversion requires an explicit cast (static_cast, C-style cast or parenthesized function-style cast)
      C:\Program Files (x86)\Microsoft Visual Studio\2022\BuildTools\VC\Tools\MSVC\14.43.34808\include\string(479,38):
      or       'std::string std::to_string(long)'
          F:\CodeBlocks-AnxietyMonitor\tests\unit_tests.cpp(73,5):
          'std::string std::to_string(long)': cannot convert argument 1 from 'AnxietyMonitor::RiskLevel' to 'long'
              F:\CodeBlocks-AnxietyMonitor\tests\unit_tests.cpp(73,5):
              This conversion requires an explicit cast (static_cast, C-style cast or parenthesized function-style cast)
      C:\Program Files (x86)\Microsoft Visual Studio\2022\BuildTools\VC\Tools\MSVC\14.43.34808\include\string(475,38):
      or       'std::string std::to_string(unsigned int)'
          F:\CodeBlocks-AnxietyMonitor\tests\unit_tests.cpp(73,5):
          'std::string std::to_string(unsigned int)': cannot convert argument 1 from 'AnxietyMonitor::RiskLevel' to 'unsigned int'
              F:\CodeBlocks-AnxietyMonitor\tests\unit_tests.cpp(73,5):
              This conversion requires an explicit cast (static_cast, C-style cast or parenthesized function-style cast)
      C:\Program Files (x86)\Microsoft Visual Studio\2022\BuildTools\VC\Tools\MSVC\14.43.34808\include\string(471,38):
      or       'std::string std::to_string(int)'
          F:\CodeBlocks-AnxietyMonitor\tests\unit_tests.cpp(73,5):
          'std::string std::to_string(int)': cannot convert argument 1 from 'AnxietyMonitor::RiskLevel' to 'int'
              F:\CodeBlocks-AnxietyMonitor\tests\unit_tests.cpp(73,5):
              This conversion requires an explicit cast (static_cast, C-style cast or parenthesized function-style cast)
      F:\CodeBlocks-AnxietyMonitor\tests\unit_tests.cpp(73,5):
      while trying to match the argument list '(AnxietyMonitor::RiskLevel)'
  
F:\CodeBlocks-AnxietyMonitor\tests\unit_tests.cpp(73,5): error C2088: built-in operator '+' cannot be applied to an operand of type '_T' [F:\CodeBlocks-AnxietyMonitor\build\AnxietyMonitorTests.vcxproj]
F:\CodeBlocks-AnxietyMonitor\tests\unit_tests.cpp(73,5): error C2088:         with [F:\CodeBlocks-AnxietyMonitor\build\AnxietyMonitorTests.vcxproj]
F:\CodeBlocks-AnxietyMonitor\tests\unit_tests.cpp(73,5): error C2088:         [ [F:\CodeBlocks-AnxietyMonitor\build\AnxietyMonitorTests.vcxproj]
F:\CodeBlocks-AnxietyMonitor\tests\unit_tests.cpp(73,5): error C2088:             _T=std::string [F:\CodeBlocks-AnxietyMonitor\build\AnxietyMonitorTests.vcxproj]
F:\CodeBlocks-AnxietyMonitor\tests\unit_tests.cpp(73,5): error C2088:         ] [F:\CodeBlocks-AnxietyMonitor\build\AnxietyMonitorTests.vcxproj]
F:\CodeBlocks-AnxietyMonitor\tests\unit_tests.cpp(73,5): error C2512: 'std::runtime_error': no appropriate default constructor available [F:\CodeBlocks-AnxietyMonitor\build\AnxietyMonitorTests.vcxproj]
      F:\CodeBlocks-AnxietyMonitor\tests\unit_tests.cpp(73,5):
      'std::runtime_error::runtime_error': no appropriate default constructor available
          F:\CodeBlocks-AnxietyMonitor\tests\unit_tests.cpp(73,5):
          while trying to match the argument list '()'
  
F:\CodeBlocks-AnxietyMonitor\tests\unit_tests.cpp(74,5): error C2665: 'std::to_string': no overloaded function could convert all the argument types [F:\CodeBlocks-AnxietyMonitor\build\AnxietyMonitorTests.vcxproj]
      C:\Program Files (x86)\Microsoft Visual Studio\2022\BuildTools\VC\Tools\MSVC\14.43.34808\include\string(506,38):
      could be 'std::string std::to_string(long double)'
          F:\CodeBlocks-AnxietyMonitor\tests\unit_tests.cpp(74,5):
          'std::string std::to_string(long double)': cannot convert argument 1 from 'AnxietyMonitor::RiskLevel' to 'long double'
              F:\CodeBlocks-AnxietyMonitor\tests\unit_tests.cpp(74,5):
              This conversion requires an explicit cast (static_cast, C-style cast or parenthesized function-style cast)
      C:\Program Files (x86)\Microsoft Visual Studio\2022\BuildTools\VC\Tools\MSVC\14.43.34808\include\string(502,38):
      or       'std::string std::to_string(float)'
          F:\CodeBlocks-AnxietyMonitor\tests\unit_tests.cpp(74,5):
          'std::string std::to_string(float)': cannot convert argument 1 from 'AnxietyMonitor::RiskLevel' to 'float'
              F:\CodeBlocks-AnxietyMonitor\tests\unit_tests.cpp(74,5):
              This conversion requires an explicit cast (static_cast, C-style cast or parenthesized function-style cast)
      C:\Program Files (x86)\Microsoft Visual Studio\2022\BuildTools\VC\Tools\MSVC\14.43.34808\include\string(495,38):
      or       'std::string std::to_string(double)'
          F:\CodeBlocks-AnxietyMonitor\tests\unit_tests.cpp(74,5):
          'std::string std::to_string(double)': cannot convert argument 1 from 'AnxietyMonitor::RiskLevel' to 'double'
              F:\CodeBlocks-AnxietyMonitor\tests\unit_tests.cpp(74,5):
              This conversion requires an explicit cast (static_cast, C-style cast or parenthesized function-style cast)
      C:\Program Files (x86)\Microsoft Visual Studio\2022\BuildTools\VC\Tools\MSVC\14.43.34808\include\string(491,38):
      or       'std::string std::to_string(unsigned __int64)'
          F:\CodeBlocks-AnxietyMonitor\tests\unit_tests.cpp(74,5):
          'std::string std::to_string(unsigned __int64)': cannot convert argument 1 from 'AnxietyMonitor::RiskLevel' to 'unsigned __int64'
              F:\CodeBlocks-AnxietyMonitor\tests\unit_tests.cpp(74,5):
              This conversion requires an explicit cast (static_cast, C-style cast or parenthesized function-style cast)
      C:\Program Files (x86)\Microsoft Visual Studio\2022\BuildTools\VC\Tools\MSVC\14.43.34808\include\string(487,38):
      or       'std::string std::to_string(__int64)'
          F:\CodeBlocks-AnxietyMonitor\tests\unit_tests.cpp(74,5):
          'std::string std::to_string(__int64)': cannot convert argument 1 from 'AnxietyMonitor::RiskLevel' to '__int64'
              F:\CodeBlocks-AnxietyMonitor\tests\unit_tests.cpp(74,5):
              This conversion requires an explicit cast (static_cast, C-style cast or parenthesized function-style cast)
      C:\Program Files (x86)\Microsoft Visual Studio\2022\BuildTools\VC\Tools\MSVC\14.43.34808\include\string(483,38):
      or       'std::string std::to_string(unsigned long)'
          F:\CodeBlocks-AnxietyMonitor\tests\unit_tests.cpp(74,5):
          'std::string std::to_string(unsigned long)': cannot convert argument 1 from 'AnxietyMonitor::RiskLevel' to 'unsigned long'
              F:\CodeBlocks-AnxietyMonitor\tests\unit_tests.cpp(74,5):
              This conversion requires an explicit cast (static_cast, C-style cast or parenthesized function-style cast)
      C:\Program Files (x86)\Microsoft Visual Studio\2022\BuildTools\VC\Tools\MSVC\14.43.34808\include\string(479,38):
      or       'std::string std::to_string(long)'
          F:\CodeBlocks-AnxietyMonitor\tests\unit_tests.cpp(74,5):
          'std::string std::to_string(long)': cannot convert argument 1 from 'AnxietyMonitor::RiskLevel' to 'long'
              F:\CodeBlocks-AnxietyMonitor\tests\unit_tests.cpp(74,5):
              This conversion requires an explicit cast (static_cast, C-style cast or parenthesized function-style cast)
      C:\Program Files (x86)\Microsoft Visual Studio\2022\BuildTools\VC\Tools\MSVC\14.43.34808\include\string(475,38):
      or       'std::string std::to_string(unsigned int)'
          F:\CodeBlocks-AnxietyMonitor\tests\unit_tests.cpp(74,5):
          'std::string std::to_string(unsigned int)': cannot convert argument 1 from 'AnxietyMonitor::RiskLevel' to 'unsigned int'
              F:\CodeBlocks-AnxietyMonitor\tests\unit_tests.cpp(74,5):
              This conversion requires an explicit cast (static_cast, C-style cast or parenthesized function-style cast)
      C:\Program Files (x86)\Microsoft Visual Studio\2022\BuildTools\VC\Tools\MSVC\14.43.34808\include\string(471,38):
      or       'std::string std::to_string(int)'
          F:\CodeBlocks-AnxietyMonitor\tests\unit_tests.cpp(74,5):
          'std::string std::to_string(int)': cannot convert argument 1 from 'AnxietyMonitor::RiskLevel' to 'int'
              F:\CodeBlocks-AnxietyMonitor\tests\unit_tests.cpp(74,5):
              This conversion requires an explicit cast (static_cast, C-style cast or parenthesized function-style cast)
      F:\CodeBlocks-AnxietyMonitor\tests\unit_tests.cpp(74,5):
      while trying to match the argument list '(AnxietyMonitor::RiskLevel)'
  
F:\CodeBlocks-AnxietyMonitor\tests\unit_tests.cpp(74,5): error C2088: built-in operator '+' cannot be applied to an operand of type '_T' [F:\CodeBlocks-AnxietyMonitor\build\AnxietyMonitorTests.vcxproj]
F:\CodeBlocks-AnxietyMonitor\tests\unit_tests.cpp(74,5): error C2088:         with [F:\CodeBlocks-AnxietyMonitor\build\AnxietyMonitorTests.vcxproj]
F:\CodeBlocks-AnxietyMonitor\tests\unit_tests.cpp(74,5): error C2088:         [ [F:\CodeBlocks-AnxietyMonitor\build\AnxietyMonitorTests.vcxproj]
F:\CodeBlocks-AnxietyMonitor\tests\unit_tests.cpp(74,5): error C2088:             _T=std::string [F:\CodeBlocks-AnxietyMonitor\build\AnxietyMonitorTests.vcxproj]
F:\CodeBlocks-AnxietyMonitor\tests\unit_tests.cpp(74,5): error C2088:         ] [F:\CodeBlocks-AnxietyMonitor\build\AnxietyMonitorTests.vcxproj]
F:\CodeBlocks-AnxietyMonitor\tests\unit_tests.cpp(74,5): error C2512: 'std::runtime_error': no appropriate default constructor available [F:\CodeBlocks-AnxietyMonitor\build\AnxietyMonitorTests.vcxproj]
      F:\CodeBlocks-AnxietyMonitor\tests\unit_tests.cpp(74,5):
      'std::runtime_error::runtime_error': no appropriate default constructor available
          F:\CodeBlocks-AnxietyMonitor\tests\unit_tests.cpp(74,5):
          while trying to match the argument list '()'
  
F:\CodeBlocks-AnxietyMonitor\tests\unit_tests.cpp(75,5): error C2665: 'std::to_string': no overloaded function could convert all the argument types [F:\CodeBlocks-AnxietyMonitor\build\AnxietyMonitorTests.vcxproj]
      C:\Program Files (x86)\Microsoft Visual Studio\2022\BuildTools\VC\Tools\MSVC\14.43.34808\include\string(506,38):
      could be 'std::string std::to_string(long double)'
          F:\CodeBlocks-AnxietyMonitor\tests\unit_tests.cpp(75,5):
          'std::string std::to_string(long double)': cannot convert argument 1 from 'AnxietyMonitor::RiskLevel' to 'long double'
              F:\CodeBlocks-AnxietyMonitor\tests\unit_tests.cpp(75,5):
              This conversion requires an explicit cast (static_cast, C-style cast or parenthesized function-style cast)
      C:\Program Files (x86)\Microsoft Visual Studio\2022\BuildTools\VC\Tools\MSVC\14.43.34808\include\string(502,38):
      or       'std::string std::to_string(float)'
          F:\CodeBlocks-AnxietyMonitor\tests\unit_tests.cpp(75,5):
          'std::string std::to_string(float)': cannot convert argument 1 from 'AnxietyMonitor::RiskLevel' to 'float'
              F:\CodeBlocks-AnxietyMonitor\tests\unit_tests.cpp(75,5):
              This conversion requires an explicit cast (static_cast, C-style cast or parenthesized function-style cast)
      C:\Program Files (x86)\Microsoft Visual Studio\2022\BuildTools\VC\Tools\MSVC\14.43.34808\include\string(495,38):
      or       'std::string std::to_string(double)'
          F:\CodeBlocks-AnxietyMonitor\tests\unit_tests.cpp(75,5):
          'std::string std::to_string(double)': cannot convert argument 1 from 'AnxietyMonitor::RiskLevel' to 'double'
              F:\CodeBlocks-AnxietyMonitor\tests\unit_tests.cpp(75,5):
              This conversion requires an explicit cast (static_cast, C-style cast or parenthesized function-style cast)
      C:\Program Files (x86)\Microsoft Visual Studio\2022\BuildTools\VC\Tools\MSVC\14.43.34808\include\string(491,38):
      or       'std::string std::to_string(unsigned __int64)'
          F:\CodeBlocks-AnxietyMonitor\tests\unit_tests.cpp(75,5):
          'std::string std::to_string(unsigned __int64)': cannot convert argument 1 from 'AnxietyMonitor::RiskLevel' to 'unsigned __int64'
              F:\CodeBlocks-AnxietyMonitor\tests\unit_tests.cpp(75,5):
              This conversion requires an explicit cast (static_cast, C-style cast or parenthesized function-style cast)
      C:\Program Files (x86)\Microsoft Visual Studio\2022\BuildTools\VC\Tools\MSVC\14.43.34808\include\string(487,38):
      or       'std::string std::to_string(__int64)'
          F:\CodeBlocks-AnxietyMonitor\tests\unit_tests.cpp(75,5):
          'std::string std::to_string(__int64)': cannot convert argument 1 from 'AnxietyMonitor::RiskLevel' to '__int64'
              F:\CodeBlocks-AnxietyMonitor\tests\unit_tests.cpp(75,5):
              This conversion requires an explicit cast (static_cast, C-style cast or parenthesized function-style cast)
      C:\Program Files (x86)\Microsoft Visual Studio\2022\BuildTools\VC\Tools\MSVC\14.43.34808\include\string(483,38):
      or       'std::string std::to_string(unsigned long)'
          F:\CodeBlocks-AnxietyMonitor\tests\unit_tests.cpp(75,5):
          'std::string std::to_string(unsigned long)': cannot convert argument 1 from 'AnxietyMonitor::RiskLevel' to 'unsigned long'
              F:\CodeBlocks-AnxietyMonitor\tests\unit_tests.cpp(75,5):
              This conversion requires an explicit cast (static_cast, C-style cast or parenthesized function-style cast)
      C:\Program Files (x86)\Microsoft Visual Studio\2022\BuildTools\VC\Tools\MSVC\14.43.34808\include\string(479,38):
      or       'std::string std::to_string(long)'
          F:\CodeBlocks-AnxietyMonitor\tests\unit_tests.cpp(75,5):
          'std::string std::to_string(long)': cannot convert argument 1 from 'AnxietyMonitor::RiskLevel' to 'long'
              F:\CodeBlocks-AnxietyMonitor\tests\unit_tests.cpp(75,5):
              This conversion requires an explicit cast (static_cast, C-style cast or parenthesized function-style cast)
      C:\Program Files (x86)\Microsoft Visual Studio\2022\BuildTools\VC\Tools\MSVC\14.43.34808\include\string(475,38):
      or       'std::string std::to_string(unsigned int)'
          F:\CodeBlocks-AnxietyMonitor\tests\unit_tests.cpp(75,5):
          'std::string std::to_string(unsigned int)': cannot convert argument 1 from 'AnxietyMonitor::RiskLevel' to 'unsigned int'
              F:\CodeBlocks-AnxietyMonitor\tests\unit_tests.cpp(75,5):
              This conversion requires an explicit cast (static_cast, C-style cast or parenthesized function-style cast)
      C:\Program Files (x86)\Microsoft Visual Studio\2022\BuildTools\VC\Tools\MSVC\14.43.34808\include\string(471,38):
      or       'std::string std::to_string(int)'
          F:\CodeBlocks-AnxietyMonitor\tests\unit_tests.cpp(75,5):
          'std::string std::to_string(int)': cannot convert argument 1 from 'AnxietyMonitor::RiskLevel' to 'int'
              F:\CodeBlocks-AnxietyMonitor\tests\unit_tests.cpp(75,5):
              This conversion requires an explicit cast (static_cast, C-style cast or parenthesized function-style cast)
      F:\CodeBlocks-AnxietyMonitor\tests\unit_tests.cpp(75,5):
      while trying to match the argument list '(AnxietyMonitor::RiskLevel)'
  
F:\CodeBlocks-AnxietyMonitor\tests\unit_tests.cpp(75,5): error C2088: built-in operator '+' cannot be applied to an operand of type '_T' [F:\CodeBlocks-AnxietyMonitor\build\AnxietyMonitorTests.vcxproj]
F:\CodeBlocks-AnxietyMonitor\tests\unit_tests.cpp(75,5): error C2088:         with [F:\CodeBlocks-AnxietyMonitor\build\AnxietyMonitorTests.vcxproj]
F:\CodeBlocks-AnxietyMonitor\tests\unit_tests.cpp(75,5): error C2088:         [ [F:\CodeBlocks-AnxietyMonitor\build\AnxietyMonitorTests.vcxproj]
F:\CodeBlocks-AnxietyMonitor\tests\unit_tests.cpp(75,5): error C2088:             _T=std::string [F:\CodeBlocks-AnxietyMonitor\build\AnxietyMonitorTests.vcxproj]
F:\CodeBlocks-AnxietyMonitor\tests\unit_tests.cpp(75,5): error C2088:         ] [F:\CodeBlocks-AnxietyMonitor\build\AnxietyMonitorTests.vcxproj]
F:\CodeBlocks-AnxietyMonitor\tests\unit_tests.cpp(75,5): error C2512: 'std::runtime_error': no appropriate default constructor available [F:\CodeBlocks-AnxietyMonitor\build\AnxietyMonitorTests.vcxproj]
      F:\CodeBlocks-AnxietyMonitor\tests\unit_tests.cpp(75,5):
      'std::runtime_error::runtime_error': no appropriate default constructor available
          F:\CodeBlocks-AnxietyMonitor\tests\unit_tests.cpp(75,5):
          while trying to match the argument list '()'
  
F:\CodeBlocks-AnxietyMonitor\tests\unit_tests.cpp(81,5): error C2665: 'std::to_string': no overloaded function could convert all the argument types [F:\CodeBlocks-AnxietyMonitor\build\AnxietyMonitorTests.vcxproj]
      C:\Program Files (x86)\Microsoft Visual Studio\2022\BuildTools\VC\Tools\MSVC\14.43.34808\include\string(506,38):
      could be 'std::string std::to_string(long double)'
          F:\CodeBlocks-AnxietyMonitor\tests\unit_tests.cpp(81,5):
          'std::string std::to_string(long double)': cannot convert argument 1 from 'AnxietyMonitor::RiskLevel' to 'long double'
              F:\CodeBlocks-AnxietyMonitor\tests\unit_tests.cpp(81,5):
              This conversion requires an explicit cast (static_cast, C-style cast or parenthesized function-style cast)
      C:\Program Files (x86)\Microsoft Visual Studio\2022\BuildTools\VC\Tools\MSVC\14.43.34808\include\string(502,38):
      or       'std::string std::to_string(float)'
          F:\CodeBlocks-AnxietyMonitor\tests\unit_tests.cpp(81,5):
          'std::string std::to_string(float)': cannot convert argument 1 from 'AnxietyMonitor::RiskLevel' to 'float'
              F:\CodeBlocks-AnxietyMonitor\tests\unit_tests.cpp(81,5):
              This conversion requires an explicit cast (static_cast, C-style cast or parenthesized function-style cast)
      C:\Program Files (x86)\Microsoft Visual Studio\2022\BuildTools\VC\Tools\MSVC\14.43.34808\include\string(495,38):
      or       'std::string std::to_string(double)'
          F:\CodeBlocks-AnxietyMonitor\tests\unit_tests.cpp(81,5):
          'std::string std::to_string(double)': cannot convert argument 1 from 'AnxietyMonitor::RiskLevel' to 'double'
              F:\CodeBlocks-AnxietyMonitor\tests\unit_tests.cpp(81,5):
              This conversion requires an explicit cast (static_cast, C-style cast or parenthesized function-style cast)
      C:\Program Files (x86)\Microsoft Visual Studio\2022\BuildTools\VC\Tools\MSVC\14.43.34808\include\string(491,38):
      or       'std::string std::to_string(unsigned __int64)'
          F:\CodeBlocks-AnxietyMonitor\tests\unit_tests.cpp(81,5):
          'std::string std::to_string(unsigned __int64)': cannot convert argument 1 from 'AnxietyMonitor::RiskLevel' to 'unsigned __int64'
              F:\CodeBlocks-AnxietyMonitor\tests\unit_tests.cpp(81,5):
              This conversion requires an explicit cast (static_cast, C-style cast or parenthesized function-style cast)
      C:\Program Files (x86)\Microsoft Visual Studio\2022\BuildTools\VC\Tools\MSVC\14.43.34808\include\string(487,38):
      or       'std::string std::to_string(__int64)'
          F:\CodeBlocks-AnxietyMonitor\tests\unit_tests.cpp(81,5):
          'std::string std::to_string(__int64)': cannot convert argument 1 from 'AnxietyMonitor::RiskLevel' to '__int64'
              F:\CodeBlocks-AnxietyMonitor\tests\unit_tests.cpp(81,5):
              This conversion requires an explicit cast (static_cast, C-style cast or parenthesized function-style cast)
      C:\Program Files (x86)\Microsoft Visual Studio\2022\BuildTools\VC\Tools\MSVC\14.43.34808\include\string(483,38):
      or       'std::string std::to_string(unsigned long)'
          F:\CodeBlocks-AnxietyMonitor\tests\unit_tests.cpp(81,5):
          'std::string std::to_string(unsigned long)': cannot convert argument 1 from 'AnxietyMonitor::RiskLevel' to 'unsigned long'
              F:\CodeBlocks-AnxietyMonitor\tests\unit_tests.cpp(81,5):
              This conversion requires an explicit cast (static_cast, C-style cast or parenthesized function-style cast)
      C:\Program Files (x86)\Microsoft Visual Studio\2022\BuildTools\VC\Tools\MSVC\14.43.34808\include\string(479,38):
      or       'std::string std::to_string(long)'
          F:\CodeBlocks-AnxietyMonitor\tests\unit_tests.cpp(81,5):
          'std::string std::to_string(long)': cannot convert argument 1 from 'AnxietyMonitor::RiskLevel' to 'long'
              F:\CodeBlocks-AnxietyMonitor\tests\unit_tests.cpp(81,5):
              This conversion requires an explicit cast (static_cast, C-style cast or parenthesized function-style cast)
      C:\Program Files (x86)\Microsoft Visual Studio\2022\BuildTools\VC\Tools\MSVC\14.43.34808\include\string(475,38):
      or       'std::string std::to_string(unsigned int)'
          F:\CodeBlocks-AnxietyMonitor\tests\unit_tests.cpp(81,5):
          'std::string std::to_string(unsigned int)': cannot convert argument 1 from 'AnxietyMonitor::RiskLevel' to 'unsigned int'
              F:\CodeBlocks-AnxietyMonitor\tests\unit_tests.cpp(81,5):
              This conversion requires an explicit cast (static_cast, C-style cast or parenthesized function-style cast)
      C:\Program Files (x86)\Microsoft Visual Studio\2022\BuildTools\VC\Tools\MSVC\14.43.34808\include\string(471,38):
      or       'std::string std::to_string(int)'
          F:\CodeBlocks-AnxietyMonitor\tests\unit_tests.cpp(81,5):
          'std::string std::to_string(int)': cannot convert argument 1 from 'AnxietyMonitor::RiskLevel' to 'int'
              F:\CodeBlocks-AnxietyMonitor\tests\unit_tests.cpp(81,5):
              This conversion requires an explicit cast (static_cast, C-style cast or parenthesized function-style cast)
      F:\CodeBlocks-AnxietyMonitor\tests\unit_tests.cpp(81,5):
      while trying to match the argument list '(AnxietyMonitor::RiskLevel)'
  
F:\CodeBlocks-AnxietyMonitor\tests\unit_tests.cpp(81,5): error C2088: built-in operator '+' cannot be applied to an operand of type '_T' [F:\CodeBlocks-AnxietyMonitor\build\AnxietyMonitorTests.vcxproj]
F:\CodeBlocks-AnxietyMonitor\tests\unit_tests.cpp(81,5): error C2088:         with [F:\CodeBlocks-AnxietyMonitor\build\AnxietyMonitorTests.vcxproj]
F:\CodeBlocks-AnxietyMonitor\tests\unit_tests.cpp(81,5): error C2088:         [ [F:\CodeBlocks-AnxietyMonitor\build\AnxietyMonitorTests.vcxproj]
F:\CodeBlocks-AnxietyMonitor\tests\unit_tests.cpp(81,5): error C2088:             _T=std::string [F:\CodeBlocks-AnxietyMonitor\build\AnxietyMonitorTests.vcxproj]
F:\CodeBlocks-AnxietyMonitor\tests\unit_tests.cpp(81,5): error C2088:         ] [F:\CodeBlocks-AnxietyMonitor\build\AnxietyMonitorTests.vcxproj]
F:\CodeBlocks-AnxietyMonitor\tests\unit_tests.cpp(81,5): error C2512: 'std::runtime_error': no appropriate default constructor available [F:\CodeBlocks-AnxietyMonitor\build\AnxietyMonitorTests.vcxproj]
      F:\CodeBlocks-AnxietyMonitor\tests\unit_tests.cpp(81,5):
      'std::runtime_error::runtime_error': no appropriate default constructor available
          F:\CodeBlocks-AnxietyMonitor\tests\unit_tests.cpp(81,5):
          while trying to match the argument list '()'
  
F:\CodeBlocks-AnxietyMonitor\tests\unit_tests.cpp(82,5): error C2665: 'std::to_string': no overloaded function could convert all the argument types [F:\CodeBlocks-AnxietyMonitor\build\AnxietyMonitorTests.vcxproj]
      C:\Program Files (x86)\Microsoft Visual Studio\2022\BuildTools\VC\Tools\MSVC\14.43.34808\include\string(506,38):
      could be 'std::string std::to_string(long double)'
          F:\CodeBlocks-AnxietyMonitor\tests\unit_tests.cpp(82,5):
          'std::string std::to_string(long double)': cannot convert argument 1 from 'AnxietyMonitor::RiskLevel' to 'long double'
              F:\CodeBlocks-AnxietyMonitor\tests\unit_tests.cpp(82,5):
              This conversion requires an explicit cast (static_cast, C-style cast or parenthesized function-style cast)
      C:\Program Files (x86)\Microsoft Visual Studio\2022\BuildTools\VC\Tools\MSVC\14.43.34808\include\string(502,38):
      or       'std::string std::to_string(float)'
          F:\CodeBlocks-AnxietyMonitor\tests\unit_tests.cpp(82,5):
          'std::string std::to_string(float)': cannot convert argument 1 from 'AnxietyMonitor::RiskLevel' to 'float'
              F:\CodeBlocks-AnxietyMonitor\tests\unit_tests.cpp(82,5):
              This conversion requires an explicit cast (static_cast, C-style cast or parenthesized function-style cast)
      C:\Program Files (x86)\Microsoft Visual Studio\2022\BuildTools\VC\Tools\MSVC\14.43.34808\include\string(495,38):
      or       'std::string std::to_string(double)'
          F:\CodeBlocks-AnxietyMonitor\tests\unit_tests.cpp(82,5):
          'std::string std::to_string(double)': cannot convert argument 1 from 'AnxietyMonitor::RiskLevel' to 'double'
              F:\CodeBlocks-AnxietyMonitor\tests\unit_tests.cpp(82,5):
              This conversion requires an explicit cast (static_cast, C-style cast or parenthesized function-style cast)
      C:\Program Files (x86)\Microsoft Visual Studio\2022\BuildTools\VC\Tools\MSVC\14.43.34808\include\string(491,38):
      or       'std::string std::to_string(unsigned __int64)'
          F:\CodeBlocks-AnxietyMonitor\tests\unit_tests.cpp(82,5):
          'std::string std::to_string(unsigned __int64)': cannot convert argument 1 from 'AnxietyMonitor::RiskLevel' to 'unsigned __int64'
              F:\CodeBlocks-AnxietyMonitor\tests\unit_tests.cpp(82,5):
              This conversion requires an explicit cast (static_cast, C-style cast or parenthesized function-style cast)
      C:\Program Files (x86)\Microsoft Visual Studio\2022\BuildTools\VC\Tools\MSVC\14.43.34808\include\string(487,38):
      or       'std::string std::to_string(__int64)'
          F:\CodeBlocks-AnxietyMonitor\tests\unit_tests.cpp(82,5):
          'std::string std::to_string(__int64)': cannot convert argument 1 from 'AnxietyMonitor::RiskLevel' to '__int64'
              F:\CodeBlocks-AnxietyMonitor\tests\unit_tests.cpp(82,5):
              This conversion requires an explicit cast (static_cast, C-style cast or parenthesized function-style cast)
      C:\Program Files (x86)\Microsoft Visual Studio\2022\BuildTools\VC\Tools\MSVC\14.43.34808\include\string(483,38):
      or       'std::string std::to_string(unsigned long)'
          F:\CodeBlocks-AnxietyMonitor\tests\unit_tests.cpp(82,5):
          'std::string std::to_string(unsigned long)': cannot convert argument 1 from 'AnxietyMonitor::RiskLevel' to 'unsigned long'
              F:\CodeBlocks-AnxietyMonitor\tests\unit_tests.cpp(82,5):
              This conversion requires an explicit cast (static_cast, C-style cast or parenthesized function-style cast)
      C:\Program Files (x86)\Microsoft Visual Studio\2022\BuildTools\VC\Tools\MSVC\14.43.34808\include\string(479,38):
      or       'std::string std::to_string(long)'
          F:\CodeBlocks-AnxietyMonitor\tests\unit_tests.cpp(82,5):
          'std::string std::to_string(long)': cannot convert argument 1 from 'AnxietyMonitor::RiskLevel' to 'long'
              F:\CodeBlocks-AnxietyMonitor\tests\unit_tests.cpp(82,5):
              This conversion requires an explicit cast (static_cast, C-style cast or parenthesized function-style cast)
      C:\Program Files (x86)\Microsoft Visual Studio\2022\BuildTools\VC\Tools\MSVC\14.43.34808\include\string(475,38):
      or       'std::string std::to_string(unsigned int)'
          F:\CodeBlocks-AnxietyMonitor\tests\unit_tests.cpp(82,5):
          'std::string std::to_string(unsigned int)': cannot convert argument 1 from 'AnxietyMonitor::RiskLevel' to 'unsigned int'
              F:\CodeBlocks-AnxietyMonitor\tests\unit_tests.cpp(82,5):
              This conversion requires an explicit cast (static_cast, C-style cast or parenthesized function-style cast)
      C:\Program Files (x86)\Microsoft Visual Studio\2022\BuildTools\VC\Tools\MSVC\14.43.34808\include\string(471,38):
      or       'std::string std::to_string(int)'
          F:\CodeBlocks-AnxietyMonitor\tests\unit_tests.cpp(82,5):
          'std::string std::to_string(int)': cannot convert argument 1 from 'AnxietyMonitor::RiskLevel' to 'int'
              F:\CodeBlocks-AnxietyMonitor\tests\unit_tests.cpp(82,5):
              This conversion requires an explicit cast (static_cast, C-style cast or parenthesized function-style cast)
      F:\CodeBlocks-AnxietyMonitor\tests\unit_tests.cpp(82,5):
      while trying to match the argument list '(AnxietyMonitor::RiskLevel)'
  
F:\CodeBlocks-AnxietyMonitor\tests\unit_tests.cpp(82,5): error C2088: built-in operator '+' cannot be applied to an operand of type '_T' [F:\CodeBlocks-AnxietyMonitor\build\AnxietyMonitorTests.vcxproj]
F:\CodeBlocks-AnxietyMonitor\tests\unit_tests.cpp(82,5): error C2088:         with [F:\CodeBlocks-AnxietyMonitor\build\AnxietyMonitorTests.vcxproj]
F:\CodeBlocks-AnxietyMonitor\tests\unit_tests.cpp(82,5): error C2088:         [ [F:\CodeBlocks-AnxietyMonitor\build\AnxietyMonitorTests.vcxproj]
F:\CodeBlocks-AnxietyMonitor\tests\unit_tests.cpp(82,5): error C2088:             _T=std::string [F:\CodeBlocks-AnxietyMonitor\build\AnxietyMonitorTests.vcxproj]
F:\CodeBlocks-AnxietyMonitor\tests\unit_tests.cpp(82,5): error C2088:         ] [F:\CodeBlocks-AnxietyMonitor\build\AnxietyMonitorTests.vcxproj]
F:\CodeBlocks-AnxietyMonitor\tests\unit_tests.cpp(82,5): error C2512: 'std::runtime_error': no appropriate default constructor available [F:\CodeBlocks-AnxietyMonitor\build\AnxietyMonitorTests.vcxproj]
      F:\CodeBlocks-AnxietyMonitor\tests\unit_tests.cpp(82,5):
      'std::runtime_error::runtime_error': no appropriate default constructor available
          F:\CodeBlocks-AnxietyMonitor\tests\unit_tests.cpp(82,5):
          while trying to match the argument list '()'
  
F:\CodeBlocks-AnxietyMonitor\tests\unit_tests.cpp(83,5): error C2665: 'std::to_string': no overloaded function could convert all the argument types [F:\CodeBlocks-AnxietyMonitor\build\AnxietyMonitorTests.vcxproj]
      C:\Program Files (x86)\Microsoft Visual Studio\2022\BuildTools\VC\Tools\MSVC\14.43.34808\include\string(506,38):
      could be 'std::string std::to_string(long double)'
          F:\CodeBlocks-AnxietyMonitor\tests\unit_tests.cpp(83,5):
          'std::string std::to_string(long double)': cannot convert argument 1 from 'AnxietyMonitor::RiskLevel' to 'long double'
              F:\CodeBlocks-AnxietyMonitor\tests\unit_tests.cpp(83,5):
              This conversion requires an explicit cast (static_cast, C-style cast or parenthesized function-style cast)
      C:\Program Files (x86)\Microsoft Visual Studio\2022\BuildTools\VC\Tools\MSVC\14.43.34808\include\string(502,38):
      or       'std::string std::to_string(float)'
          F:\CodeBlocks-AnxietyMonitor\tests\unit_tests.cpp(83,5):
          'std::string std::to_string(float)': cannot convert argument 1 from 'AnxietyMonitor::RiskLevel' to 'float'
              F:\CodeBlocks-AnxietyMonitor\tests\unit_tests.cpp(83,5):
              This conversion requires an explicit cast (static_cast, C-style cast or parenthesized function-style cast)
      C:\Program Files (x86)\Microsoft Visual Studio\2022\BuildTools\VC\Tools\MSVC\14.43.34808\include\string(495,38):
      or       'std::string std::to_string(double)'
          F:\CodeBlocks-AnxietyMonitor\tests\unit_tests.cpp(83,5):
          'std::string std::to_string(double)': cannot convert argument 1 from 'AnxietyMonitor::RiskLevel' to 'double'
              F:\CodeBlocks-AnxietyMonitor\tests\unit_tests.cpp(83,5):
              This conversion requires an explicit cast (static_cast, C-style cast or parenthesized function-style cast)
      C:\Program Files (x86)\Microsoft Visual Studio\2022\BuildTools\VC\Tools\MSVC\14.43.34808\include\string(491,38):
      or       'std::string std::to_string(unsigned __int64)'
          F:\CodeBlocks-AnxietyMonitor\tests\unit_tests.cpp(83,5):
          'std::string std::to_string(unsigned __int64)': cannot convert argument 1 from 'AnxietyMonitor::RiskLevel' to 'unsigned __int64'
              F:\CodeBlocks-AnxietyMonitor\tests\unit_tests.cpp(83,5):
              This conversion requires an explicit cast (static_cast, C-style cast or parenthesized function-style cast)
      C:\Program Files (x86)\Microsoft Visual Studio\2022\BuildTools\VC\Tools\MSVC\14.43.34808\include\string(487,38):
      or       'std::string std::to_string(__int64)'
          F:\CodeBlocks-AnxietyMonitor\tests\unit_tests.cpp(83,5):
          'std::string std::to_string(__int64)': cannot convert argument 1 from 'AnxietyMonitor::RiskLevel' to '__int64'
              F:\CodeBlocks-AnxietyMonitor\tests\unit_tests.cpp(83,5):
              This conversion requires an explicit cast (static_cast, C-style cast or parenthesized function-style cast)
      C:\Program Files (x86)\Microsoft Visual Studio\2022\BuildTools\VC\Tools\MSVC\14.43.34808\include\string(483,38):
      or       'std::string std::to_string(unsigned long)'
          F:\CodeBlocks-AnxietyMonitor\tests\unit_tests.cpp(83,5):
          'std::string std::to_string(unsigned long)': cannot convert argument 1 from 'AnxietyMonitor::RiskLevel' to 'unsigned long'
              F:\CodeBlocks-AnxietyMonitor\tests\unit_tests.cpp(83,5):
              This conversion requires an explicit cast (static_cast, C-style cast or parenthesized function-style cast)
      C:\Program Files (x86)\Microsoft Visual Studio\2022\BuildTools\VC\Tools\MSVC\14.43.34808\include\string(479,38):
      or       'std::string std::to_string(long)'
          F:\CodeBlocks-AnxietyMonitor\tests\unit_tests.cpp(83,5):
          'std::string std::to_string(long)': cannot convert argument 1 from 'AnxietyMonitor::RiskLevel' to 'long'
              F:\CodeBlocks-AnxietyMonitor\tests\unit_tests.cpp(83,5):
              This conversion requires an explicit cast (static_cast, C-style cast or parenthesized function-style cast)
      C:\Program Files (x86)\Microsoft Visual Studio\2022\BuildTools\VC\Tools\MSVC\14.43.34808\include\string(475,38):
      or       'std::string std::to_string(unsigned int)'
          F:\CodeBlocks-AnxietyMonitor\tests\unit_tests.cpp(83,5):
          'std::string std::to_string(unsigned int)': cannot convert argument 1 from 'AnxietyMonitor::RiskLevel' to 'unsigned int'
              F:\CodeBlocks-AnxietyMonitor\tests\unit_tests.cpp(83,5):
              This conversion requires an explicit cast (static_cast, C-style cast or parenthesized function-style cast)
      C:\Program Files (x86)\Microsoft Visual Studio\2022\BuildTools\VC\Tools\MSVC\14.43.34808\include\string(471,38):
      or       'std::string std::to_string(int)'
          F:\CodeBlocks-AnxietyMonitor\tests\unit_tests.cpp(83,5):
          'std::string std::to_string(int)': cannot convert argument 1 from 'AnxietyMonitor::RiskLevel' to 'int'
              F:\CodeBlocks-AnxietyMonitor\tests\unit_tests.cpp(83,5):
              This conversion requires an explicit cast (static_cast, C-style cast or parenthesized function-style cast)
      F:\CodeBlocks-AnxietyMonitor\tests\unit_tests.cpp(83,5):
      while trying to match the argument list '(AnxietyMonitor::RiskLevel)'
  
F:\CodeBlocks-AnxietyMonitor\tests\unit_tests.cpp(83,5): error C2088: built-in operator '+' cannot be applied to an operand of type '_T' [F:\CodeBlocks-AnxietyMonitor\build\AnxietyMonitorTests.vcxproj]
F:\CodeBlocks-AnxietyMonitor\tests\unit_tests.cpp(83,5): error C2088:         with [F:\CodeBlocks-AnxietyMonitor\build\AnxietyMonitorTests.vcxproj]
F:\CodeBlocks-AnxietyMonitor\tests\unit_tests.cpp(83,5): error C2088:         [ [F:\CodeBlocks-AnxietyMonitor\build\AnxietyMonitorTests.vcxproj]
F:\CodeBlocks-AnxietyMonitor\tests\unit_tests.cpp(83,5): error C2088:             _T=std::string [F:\CodeBlocks-AnxietyMonitor\build\AnxietyMonitorTests.vcxproj]
F:\CodeBlocks-AnxietyMonitor\tests\unit_tests.cpp(83,5): error C2088:         ] [F:\CodeBlocks-AnxietyMonitor\build\AnxietyMonitorTests.vcxproj]
F:\CodeBlocks-AnxietyMonitor\tests\unit_tests.cpp(83,5): error C2512: 'std::runtime_error': no appropriate default constructor available [F:\CodeBlocks-AnxietyMonitor\build\AnxietyMonitorTests.vcxproj]
      F:\CodeBlocks-AnxietyMonitor\tests\unit_tests.cpp(83,5):
      'std::runtime_error::runtime_error': no appropriate default constructor available
          F:\CodeBlocks-AnxietyMonitor\tests\unit_tests.cpp(83,5):
          while trying to match the argument list '()'
  
